safsafsaf
Giorgi Poplavski@G1P0P0INTUPA1144 MINGW64 ~/Desktop/gittest
$ git init
Initialized empty Git repository in C:/Users/Tangl/Desktop/gittest/.git/

Giorgi Poplavski@G1P0P0INTUPA1144 MINGW64 ~/Desktop/gittest (master)
$ git status
On branch master

No commits yet

Untracked files:
  (use "git add <file>..." to include in what will be committed)
        gittext.txt

nothing added to commit but untracked files present (use "git add" to track)

Giorgi Poplavski@G1P0P0INTUPA1144 MINGW64 ~/Desktop/gittest (master)
$ git add .

Giorgi Poplavski@G1P0P0INTUPA1144 MINGW64 ~/Desktop/gittest (master)
$ git status
On branch master

No commits yet

Changes to be committed:
  (use "git rm --cached <file>..." to unstage)
        new file:   gittext.txt


Giorgi Poplavski@G1P0P0INTUPA1144 MINGW64 ~/Desktop/gittest (master)
$ git commit -m "my first commit"
[master (root-commit) 0312807] my first commit
 1 file changed, 0 insertions(+), 0 deletions(-)
 create mode 100644 gittext.txt

Giorgi Poplavski@G1P0P0INTUPA1144 MINGW64 ~/Desktop/gittest (master)
$ gitstatus
bash: gitstatus: command not found

Giorgi Poplavski@G1P0P0INTUPA1144 MINGW64 ~/Desktop/gittest (master)
$ git status
On branch master
nothing to commit, working tree clean

Giorgi Poplavski@G1P0P0INTUPA1144 MINGW64 ~/Desktop/gittest (master)
$ git status
On branch master
Changes not staged for commit:
  (use "git add <file>..." to update what will be committed)
  (use "git restore <file>..." to discard changes in working directory)
        modified:   gittext.txt

no changes added to commit (use "git add" and/or "git commit -a")

Giorgi Poplavski@G1P0P0INTUPA1144 MINGW64 ~/Desktop/gittest (master)
$ git log
commit 0312807819093e233659b7be70785a864e28deb6 (HEAD -> master)
Author: GiorgiPopla <you@example.com>
Date:   Thu Jan 4 00:52:13 2024 -1200

    my first commit

Giorgi Poplavski@G1P0P0INTUPA1144 MINGW64 ~/Desktop/gittest (master)
$ git config --global user-username GiorgiPopla
error: key does not contain a section: user-username

Giorgi Poplavski@G1P0P0INTUPA1144 MINGW64 ~/Desktop/gittest (master)
$ git config--global user.username GiorgiPopla
git: 'config--global' is not a git command. See 'git --help'.

Giorgi Poplavski@G1P0P0INTUPA1144 MINGW64 ~/Desktop/gittest (master)
$ git config --global user.username GiorgiPopla

Giorgi Poplavski@G1P0P0INTUPA1144 MINGW64 ~/Desktop/gittest (master)
$ git remote add origin https://github.com/GiorgiPopla/gitrep.git

Giorgi Poplavski@G1P0P0INTUPA1144 MINGW64 ~/Desktop/gittest (master)
$ ^C

Giorgi Poplavski@G1P0P0INTUPA1144 MINGW64 ~/Desktop/gittest (master)
$ git push origin master
Enumerating objects: 3, done.
Counting objects: 100% (3/3), done.
Writing objects: 100% (3/3), 217 bytes | 217.00 KiB/s, done.
Total 3 (delta 0), reused 0 (delta 0), pack-reused 0
To https://github.com/GiorgiPopla/gitrep.git
 * [new branch]      master -> master

Giorgi Poplavski@G1P0P0INTUPA1144 MINGW64 ~/Desktop/gittest (master)
$ git push origin master
Everything up-to-date

Giorgi Poplavski@G1P0P0INTUPA1144 MINGW64 ~/Desktop/gittest (master)
$ git status
On branch master
Changes not staged for commit:
  (use "git add <file>..." to update what will be committed)
  (use "git restore <file>..." to discard changes in working directory)
        modified:   gittext.txt

Untracked files:
  (use "git add <file>..." to include in what will be committed)
        text 2.txt

no changes added to commit (use "git add" and/or "git commit -a")

Giorgi Poplavski@G1P0P0INTUPA1144 MINGW64 ~/Desktop/gittest (master)
$ git add .

Giorgi Poplavski@G1P0P0INTUPA1144 MINGW64 ~/Desktop/gittest (master)
$ git status
On branch master
Changes to be committed:
  (use "git restore --staged <file>..." to unstage)
        modified:   gittext.txt
        new file:   text 2.txt


Giorgi Poplavski@G1P0P0INTUPA1144 MINGW64 ~/Desktop/gittest (master)
$ git push origin master
Everything up-to-date

Giorgi Poplavski@G1P0P0INTUPA1144 MINGW64 ~/Desktop/gittest (master)
$ git commit -m "2"
[master db89097] 2
 2 files changed, 1 insertion(+)
 create mode 100644 text 2.txt

Giorgi Poplavski@G1P0P0INTUPA1144 MINGW64 ~/Desktop/gittest (master)
$ git push origin master
Enumerating objects: 5, done.
Counting objects: 100% (5/5), done.
Delta compression using up to 4 threads
Compressing objects: 100% (2/2), done.
Writing objects: 100% (3/3), 270 bytes | 270.00 KiB/s, done.
Total 3 (delta 0), reused 0 (delta 0), pack-reused 0
To https://github.com/GiorgiPopla/gitrep.git
   0312807..db89097  master -> master

Giorgi Poplavski@G1P0P0INTUPA1144 MINGW64 ~/Desktop/gittest (master)
$ git commit -m "update text"
On branch master
Changes not staged for commit:
  (use "git add <file>..." to update what will be committed)
  (use "git restore <file>..." to discard changes in working directory)
        modified:   gittext.txt
        modified:   text 2.txt

no changes added to commit (use "git add" and/or "git commit -a")

Giorgi Poplavski@G1P0P0INTUPA1144 MINGW64 ~/Desktop/gittest (master)
$ git add .

Giorgi Poplavski@G1P0P0INTUPA1144 MINGW64 ~/Desktop/gittest (master)
$ git commit -m "text update"
[master 0eb30aa] text update
 2 files changed, 2 insertions(+), 1 deletion(-)

Giorgi Poplavski@G1P0P0INTUPA1144 MINGW64 ~/Desktop/gittest (master)
$ gigit gi
